#! /usr/bin/vvp
:ivl_version "12.0 (stable)";
:ivl_delay_selection "TYPICAL";
:vpi_time_precision + 0;
:vpi_module "/usr/lib/x86_64-linux-gnu/ivl/system.vpi";
:vpi_module "/usr/lib/x86_64-linux-gnu/ivl/vhdl_sys.vpi";
:vpi_module "/usr/lib/x86_64-linux-gnu/ivl/vhdl_textio.vpi";
:vpi_module "/usr/lib/x86_64-linux-gnu/ivl/v2005_math.vpi";
:vpi_module "/usr/lib/x86_64-linux-gnu/ivl/va_math.vpi";
S_0x60b3d4898740 .scope module, "sop_eop_gen" "sop_eop_gen" 2 14;
 .timescale 0 0;
    .port_info 0 /INPUT 1 "clk";
    .port_info 1 /INPUT 1 "clk_en";
    .port_info 2 /INPUT 1 "reset_l";
    .port_info 3 /INPUT 1 "i_en";
    .port_info 4 /INPUT 1 "i_err";
    .port_info 5 /INPUT 8 "i_data";
    .port_info 6 /OUTPUT 1 "o_sop";
    .port_info 7 /OUTPUT 1 "o_en";
    .port_info 8 /OUTPUT 8 "o_data";
    .port_info 9 /OUTPUT 1 "o_eop";
    .port_info 10 /OUTPUT 1 "o_err";
P_0x60b3d48988d0 .param/l "data_width" 0 2 29, +C4<00000000000000000000000000001000>;
L_0x60b3d48be5c0 .functor BUFZ 1, v0x60b3d48bdd20_0, C4<0>, C4<0>, C4<0>;
L_0x60b3d48be680 .functor BUFZ 8, v0x60b3d48bdb30_0, C4<00000000>, C4<00000000>, C4<00000000>;
o0x7b092092c108 .functor BUFZ 1, C4<z>; HiZ drive
L_0x60b3d48be750 .functor NOT 1, o0x7b092092c108, C4<0>, C4<0>, C4<0>;
L_0x60b3d48be820 .functor AND 1, L_0x60b3d48be750, v0x60b3d48bdd20_0, C4<1>, C4<1>;
L_0x60b3d48be940 .functor AND 1, L_0x60b3d48be820, v0x60b3d48bdea0_0, C4<1>, C4<1>;
v0x60b3d4898a80_0 .net *"_ivl_4", 0 0, L_0x60b3d48be750;  1 drivers
o0x7b092092c048 .functor BUFZ 1, C4<z>; HiZ drive
v0x60b3d48bd8f0_0 .net "clk", 0 0, o0x7b092092c048;  0 drivers
o0x7b092092c078 .functor BUFZ 1, C4<z>; HiZ drive
v0x60b3d48bd9b0_0 .net "clk_en", 0 0, o0x7b092092c078;  0 drivers
o0x7b092092c0a8 .functor BUFZ 8, C4<zzzzzzzz>; HiZ drive
v0x60b3d48bda50_0 .net "i_data", 7 0, o0x7b092092c0a8;  0 drivers
v0x60b3d48bdb30_0 .var "i_data_d0", 7 0;
v0x60b3d48bdc60_0 .net "i_en", 0 0, o0x7b092092c108;  0 drivers
v0x60b3d48bdd20_0 .var "i_en_d0", 0 0;
o0x7b092092c168 .functor BUFZ 1, C4<z>; HiZ drive
v0x60b3d48bdde0_0 .net "i_err", 0 0, o0x7b092092c168;  0 drivers
v0x60b3d48bdea0_0 .var "i_err_d0", 0 0;
v0x60b3d48bdf60_0 .net "o_data", 7 0, L_0x60b3d48be680;  1 drivers
v0x60b3d48be040_0 .net "o_en", 0 0, L_0x60b3d48be5c0;  1 drivers
v0x60b3d48be100_0 .net "o_eop", 0 0, L_0x60b3d48be820;  1 drivers
v0x60b3d48be1c0_0 .net "o_err", 0 0, L_0x60b3d48be940;  1 drivers
v0x60b3d48be280_0 .var "o_sop", 0 0;
o0x7b092092c2b8 .functor BUFZ 1, C4<z>; HiZ drive
v0x60b3d48be340_0 .net "reset_l", 0 0, o0x7b092092c2b8;  0 drivers
E_0x60b3d48a9150/0 .event negedge, v0x60b3d48be340_0;
E_0x60b3d48a9150/1 .event posedge, v0x60b3d48bd8f0_0;
E_0x60b3d48a9150 .event/or E_0x60b3d48a9150/0, E_0x60b3d48a9150/1;
    .scope S_0x60b3d4898740;
T_0 ;
    %wait E_0x60b3d48a9150;
    %load/vec4 v0x60b3d48be340_0;
    %cmpi/e 0, 0, 1;
    %jmp/0xz  T_0.0, 4;
    %pushi/vec4 0, 0, 1;
    %assign/vec4 v0x60b3d48bdd20_0, 0;
    %pushi/vec4 0, 0, 8;
    %assign/vec4 v0x60b3d48bdb30_0, 0;
    %pushi/vec4 0, 0, 1;
    %assign/vec4 v0x60b3d48be280_0, 0;
    %pushi/vec4 0, 0, 1;
    %assign/vec4 v0x60b3d48bdea0_0, 0;
    %jmp T_0.1;
T_0.0 ;
    %load/vec4 v0x60b3d48bd9b0_0;
    %cmpi/e 1, 0, 1;
    %jmp/0xz  T_0.2, 4;
    %load/vec4 v0x60b3d48bdc60_0;
    %assign/vec4 v0x60b3d48bdd20_0, 0;
    %load/vec4 v0x60b3d48bda50_0;
    %assign/vec4 v0x60b3d48bdb30_0, 0;
    %load/vec4 v0x60b3d48bdc60_0;
    %load/vec4 v0x60b3d48bdd20_0;
    %inv;
    %and;
    %assign/vec4 v0x60b3d48be280_0, 0;
    %load/vec4 v0x60b3d48bdde0_0;
    %assign/vec4 v0x60b3d48bdea0_0, 0;
T_0.2 ;
T_0.1 ;
    %jmp T_0;
    .thread T_0;
# The file index is used to find the file name in the following table.
:file_names 3;
    "N/A";
    "<interactive>";
    "/home/haitaoz/work/FPGA_Prj/RiscV_webSoC2/rtl/sop_eop_gen.v";
